hw_rtc.c:552:17:HW_RTC_GetCalendarValue	32	static
hw_rtc.c:217:6:HW_RTC_setMcuWakeUpTime	48	static
hw_rtc.c:245:9:HW_RTC_getMcuWakeUpTime	0	static
hw_rtc.c:255:10:HW_RTC_GetMinimumTimeout	0	static
hw_rtc.c:265:10:HW_RTC_ms2Tick	8	static
hw_rtc.c:276:13:HW_RTC_Tick2ms	0	static
hw_rtc.c:315:10:HW_RTC_GetTimerElapsedTime	32	static
hw_rtc.c:330:10:HW_RTC_GetTimerValue	32	static
hw_rtc.c:345:6:HW_RTC_StopAlarm	8	static
hw_rtc.c:289:6:HW_RTC_SetAlarm	48	static
hw_rtc.c:360:6:HW_RTC_IrqHandler	8	static
hw_rtc.c:389:6:HW_RTC_DelayMs	16	static,ignoring_inline_asm
hw_rtc.c:409:10:HW_RTC_SetTimerContext	8	static
hw_rtc.c:149:6:HW_RTC_Init	40	static
hw_rtc.c:420:10:HW_RTC_GetTimerContext	0	static
hw_rtc.c:601:10:HW_RTC_GetCalendarTime	40	static
hw_rtc.c:618:6:HW_RTC_BKUPWrite	16	static
hw_rtc.c:624:6:HW_RTC_BKUPRead	16	static
hw_rtc.c:630:13:RtcTempCompensation	16	static
