main.c:498:6:LoraMacProcessNotify	0	static
main.c:803:13:LORA_TxNeeded	8	static
main.c:791:13:LORA_ConfirmClass	8	static
main.c:504:13:LORA_HasJoined	8	static
main.c:842:13:OnTimerLedEvent	8	static
main.c:675:13:LORA_RxData	8	static
main.c:816:9:LORA_GetBatteryLevel	8	static
main.c:747:13:OnSettingModeElapsed	8	static
main.c:881:13:enterSettingMode	24	static
main.c:760:13:OnTxTimerEvent	8	static
main.c:768:13:LoraStartTx.part.0	8	static
main.c:869:6:HAL_TIM_Base_MspInit	8	static
main.c:955:6:USART1_IRQHandler	8	static
main.c:966:6:HAL_UART_RxCpltCallback	24	static
main.c:1021:6:extractCmd	20	static
main.c:1043:9:ascii2hex_num	24	static
main.c:218:5:main	240	static,ignoring_inline_asm
