main.c:515:6:LoraMacProcessNotify	0	static
main.c:820:13:LORA_TxNeeded	8	static
main.c:808:13:LORA_ConfirmClass	8	static
main.c:521:13:LORA_HasJoined	8	static
main.c:859:13:OnTimerLedEvent	8	static
main.c:692:13:LORA_RxData	8	static
main.c:833:9:LORA_GetBatteryLevel	8	static
main.c:764:13:OnSettingModeElapsed	8	static
main.c:777:13:OnTxTimerEvent	8	static
main.c:785:13:LoraStartTx.part.0	8	static
main.c:921:6:HAL_TIM_Base_MspInit	8	static
main.c:950:6:USART1_IRQHandler	8	static
main.c:961:6:HAL_UART_RxCpltCallback	24	static
main.c:1016:6:extractCmd	20	static
main.c:1038:9:ascii2hex_num	24	static
main.c:218:5:main	240	static,ignoring_inline_asm
