x_nucleo_iks01a1_pressure.c:163:25:BSP_LPS25HB_PRESSURE_Init	16	static
x_nucleo_iks01a1_pressure.c:243:25:BSP_LPS22HB_PRESSURE_Init	16	static
x_nucleo_iks01a1_pressure.c:102:18:BSP_PRESSURE_Init	16	static
x_nucleo_iks01a1_pressure.c:304:18:BSP_PRESSURE_DeInit	16	static
x_nucleo_iks01a1_pressure.c:340:18:BSP_PRESSURE_Sensor_Enable	8	static
x_nucleo_iks01a1_pressure.c:373:18:BSP_PRESSURE_Sensor_Disable	8	static
x_nucleo_iks01a1_pressure.c:407:18:BSP_PRESSURE_IsInitialized	0	static
x_nucleo_iks01a1_pressure.c:434:18:BSP_PRESSURE_IsEnabled	0	static
x_nucleo_iks01a1_pressure.c:461:18:BSP_PRESSURE_IsCombo	0	static
x_nucleo_iks01a1_pressure.c:488:18:BSP_PRESSURE_Get_Instance	0	static
x_nucleo_iks01a1_pressure.c:515:18:BSP_PRESSURE_Get_WhoAmI	8	static
x_nucleo_iks01a1_pressure.c:551:18:BSP_PRESSURE_Check_WhoAmI	8	static
x_nucleo_iks01a1_pressure.c:584:18:BSP_PRESSURE_Get_Press	8	static
x_nucleo_iks01a1_pressure.c:621:18:BSP_PRESSURE_Get_ODR	8	static
x_nucleo_iks01a1_pressure.c:658:18:BSP_PRESSURE_Set_ODR	8	static
x_nucleo_iks01a1_pressure.c:691:18:BSP_PRESSURE_Set_ODR_Value	8	static
x_nucleo_iks01a1_pressure.c:725:18:BSP_PRESSURE_Read_Reg	8	static
x_nucleo_iks01a1_pressure.c:766:18:BSP_PRESSURE_Write_Reg	8	static
x_nucleo_iks01a1_pressure.c:801:18:BSP_PRESSURE_Get_DRDY_Status	8	static
x_nucleo_iks01a1_pressure.c:836:18:BSP_PRESSURE_FIFO_Get_Fth_Status_Ext	8	static
x_nucleo_iks01a1_pressure.c:886:18:BSP_PRESSURE_FIFO_Get_Full_Status_Ext	8	static
x_nucleo_iks01a1_pressure.c:937:18:BSP_PRESSURE_FIFO_Get_Ovr_Status_Ext	8	static
x_nucleo_iks01a1_pressure.c:989:18:BSP_PRESSURE_FIFO_Get_Data_Ext	16	static
x_nucleo_iks01a1_pressure.c:1040:18:BSP_PRESSURE_FIFO_Get_Num_Of_Samples_Ext	8	static
x_nucleo_iks01a1_pressure.c:1091:18:BSP_PRESSURE_FIFO_Set_Mode_Ext	8	static
x_nucleo_iks01a1_pressure.c:1137:18:BSP_PRESSURE_FIFO_Set_Interrupt_Ext	8	static
x_nucleo_iks01a1_pressure.c:1183:18:BSP_PRESSURE_FIFO_Reset_Interrupt_Ext	8	static
x_nucleo_iks01a1_pressure.c:1229:18:BSP_PRESSURE_FIFO_Set_Watermark_Level_Ext	8	static
x_nucleo_iks01a1_pressure.c:1275:18:BSP_PRESSURE_FIFO_Stop_On_Fth_Ext	8	static
x_nucleo_iks01a1_pressure.c:1321:18:BSP_PRESSURE_FIFO_Usage_Ext	8	static
