x_nucleo_iks01a1_temperature.c:166:25:BSP_HTS221_TEMPERATURE_Init	24	static
x_nucleo_iks01a1_temperature.c:225:25:BSP_LPS25HB_TEMPERATURE_Init	16	static
x_nucleo_iks01a1_temperature.c:305:25:BSP_LPS22HB_TEMPERATURE_Init	16	static
x_nucleo_iks01a1_temperature.c:93:18:BSP_TEMPERATURE_Init	8	static
x_nucleo_iks01a1_temperature.c:366:18:BSP_TEMPERATURE_DeInit	16	static
x_nucleo_iks01a1_temperature.c:402:18:BSP_TEMPERATURE_Sensor_Enable	8	static
x_nucleo_iks01a1_temperature.c:435:18:BSP_TEMPERATURE_Sensor_Disable	8	static
x_nucleo_iks01a1_temperature.c:469:18:BSP_TEMPERATURE_IsInitialized	0	static
x_nucleo_iks01a1_temperature.c:496:18:BSP_TEMPERATURE_IsEnabled	0	static
x_nucleo_iks01a1_temperature.c:523:18:BSP_TEMPERATURE_IsCombo	0	static
x_nucleo_iks01a1_temperature.c:550:18:BSP_TEMPERATURE_Get_Instance	0	static
x_nucleo_iks01a1_temperature.c:578:18:BSP_TEMPERATURE_Get_WhoAmI	8	static
x_nucleo_iks01a1_temperature.c:614:18:BSP_TEMPERATURE_Check_WhoAmI	8	static
x_nucleo_iks01a1_temperature.c:647:18:BSP_TEMPERATURE_Get_Temp	8	static
x_nucleo_iks01a1_temperature.c:684:18:BSP_TEMPERATURE_Get_ODR	8	static
x_nucleo_iks01a1_temperature.c:721:18:BSP_TEMPERATURE_Set_ODR	8	static
x_nucleo_iks01a1_temperature.c:754:18:BSP_TEMPERATURE_Set_ODR_Value	8	static
x_nucleo_iks01a1_temperature.c:788:18:BSP_TEMPERATURE_Read_Reg	8	static
x_nucleo_iks01a1_temperature.c:828:18:BSP_TEMPERATURE_Write_Reg	8	static
x_nucleo_iks01a1_temperature.c:862:18:BSP_TEMPERATURE_Get_DRDY_Status	8	static
x_nucleo_iks01a1_temperature.c:896:18:BSP_TEMPERATURE_FIFO_Get_Fth_Status_Ext	8	static
x_nucleo_iks01a1_temperature.c:946:18:BSP_TEMPERATURE_FIFO_Get_Full_Status_Ext	8	static
x_nucleo_iks01a1_temperature.c:997:18:BSP_TEMPERATURE_FIFO_Get_Ovr_Status_Ext	8	static
x_nucleo_iks01a1_temperature.c:1049:18:BSP_TEMPERATURE_FIFO_Get_Data_Ext	16	static
x_nucleo_iks01a1_temperature.c:1100:18:BSP_TEMPERATURE_FIFO_Get_Num_Of_Samples_Ext	8	static
x_nucleo_iks01a1_temperature.c:1151:18:BSP_TEMPERATURE_FIFO_Set_Mode_Ext	8	static
x_nucleo_iks01a1_temperature.c:1197:18:BSP_TEMPERATURE_FIFO_Set_Interrupt_Ext	8	static
x_nucleo_iks01a1_temperature.c:1243:18:BSP_TEMPERATURE_FIFO_Reset_Interrupt_Ext	8	static
x_nucleo_iks01a1_temperature.c:1289:18:BSP_TEMPERATURE_FIFO_Set_Watermark_Level_Ext	8	static
x_nucleo_iks01a1_temperature.c:1335:18:BSP_TEMPERATURE_FIFO_Stop_On_Fth_Ext	8	static
x_nucleo_iks01a1_temperature.c:1381:18:BSP_TEMPERATURE_FIFO_Usage_Ext	8	static
